// Jest Snapshot v1, https://goo.gl/fbAQLP

exports[`use import specifier to rename lib's named export 1`] = `
"[
	{
		"count": 16,
		"removed": true,
		"value": "exports.default = exports.add = void 0;\\nexports.div = div;\\nexports.mul = _;\\nexports.sub = void 0;\\nvar add = exports.add = function add(a, b) {\\nreturn a + b;\\n};\\nfunction div(a, b) {\\nreturn a / b;\\n}\\nvar sub = exports.sub = function sub(a, b) {\\nreturn a - b;\\n};\\nfunction _(a, b) {\\nreturn a * b;\\n}\\n"
	},
	{
		"count": 1,
		"added": true,
		"value": "exports.default = void 0;\\n"
	},
	{
		"count": 1,
		"removed": true,
		"value": "//# sourceMappingURL=origin.jsbundle.map"
	},
	{
		"count": 1,
		"added": true,
		"value": "//# sourceMappingURL=optimize.jsbundle.map"
	}
]"
`;
