// Jest Snapshot v1, https://goo.gl/fbAQLP

exports[`use import specifier to rename lib's named export 1`] = `
"[
	{
		"count": 1,
		"removed": true,
		"value": "//# sourceMappingURL=origin.jsbundle.map"
	},
	{
		"count": 1,
		"added": true,
		"value": "//# sourceMappingURL=optimize.jsbundle.map"
	}
]"
`;
